// Jest Snapshot v1, https://goo.gl/fbAQLP

exports[`Footer should match snapshot 1`] = `
ShallowWrapper {
  Symbol(enzyme.__root__): [Circular],
  Symbol(enzyme.__unrendered__): <Footer
    dispatchShowFavorites={[MockFunction]}
    path="/characters"
    showFavorites={false}
  />,
  Symbol(enzyme.__renderer__): Object {
    "batchedUpdates": [Function],
    "getNode": [Function],
    "render": [Function],
    "simulateError": [Function],
    "simulateEvent": [Function],
    "unmount": [Function],
  },
  Symbol(enzyme.__node__): Object {
    "instance": null,
    "key": undefined,
    "nodeType": "host",
    "props": Object {
      "children": <NavLink
        activeClassName="active"
        aria-current="page"
        className="fav-btn"
        onClick={[MockFunction]}
        to="/favorites"
      >
        <h3
          className="my-favs"
        >
          Favorites
        </h3>
      </NavLink>,
      "className": "Footer",
    },
    "ref": null,
    "rendered": Object {
      "instance": null,
      "key": undefined,
      "nodeType": "function",
      "props": Object {
        "activeClassName": "active",
        "aria-current": "page",
        "children": <h3
          className="my-favs"
        >
          Favorites
        </h3>,
        "className": "fav-btn",
        "onClick": [MockFunction],
        "to": "/favorites",
      },
      "ref": null,
      "rendered": Object {
        "instance": null,
        "key": undefined,
        "nodeType": "host",
        "props": Object {
          "children": "Favorites",
          "className": "my-favs",
        },
        "ref": null,
        "rendered": "Favorites",
        "type": "h3",
      },
      "type": [Function],
    },
    "type": "div",
  },
  Symbol(enzyme.__nodes__): Array [
    Object {
      "instance": null,
      "key": undefined,
      "nodeType": "host",
      "props": Object {
        "children": <NavLink
          activeClassName="active"
          aria-current="page"
          className="fav-btn"
          onClick={[MockFunction]}
          to="/favorites"
        >
          <h3
            className="my-favs"
          >
            Favorites
          </h3>
        </NavLink>,
        "className": "Footer",
      },
      "ref": null,
      "rendered": Object {
        "instance": null,
        "key": undefined,
        "nodeType": "function",
        "props": Object {
          "activeClassName": "active",
          "aria-current": "page",
          "children": <h3
            className="my-favs"
          >
            Favorites
          </h3>,
          "className": "fav-btn",
          "onClick": [MockFunction],
          "to": "/favorites",
        },
        "ref": null,
        "rendered": Object {
          "instance": null,
          "key": undefined,
          "nodeType": "host",
          "props": Object {
            "children": "Favorites",
            "className": "my-favs",
          },
          "ref": null,
          "rendered": "Favorites",
          "type": "h3",
        },
        "type": [Function],
      },
      "type": "div",
    },
  ],
  Symbol(enzyme.__options__): Object {
    "adapter": ReactSixteenAdapter {
      "options": Object {
        "enableComponentDidUpdateOnSetState": true,
        "lifecycles": Object {
          "componentDidUpdate": Object {
            "onSetState": true,
          },
          "getDerivedStateFromProps": true,
          "getSnapshotBeforeUpdate": true,
          "setState": Object {
            "skipsComponentDidUpdateOnNullish": true,
          },
        },
      },
    },
  },
}
`;
