// Jest Snapshot v1, https://goo.gl/fbAQLP

exports[`App should match snapshot 1`] = `
ShallowWrapper {
  Symbol(enzyme.__root__): [Circular],
  Symbol(enzyme.__unrendered__): <App
    dispatchStoreCharacter={[MockFunction]}
    localStoreCharacter={[MockFunction]}
    location={
      Object {
        "pathname": "/",
      }
    }
    showFavorites={false}
    storedCharacters={Array []}
  />,
  Symbol(enzyme.__renderer__): Object {
    "batchedUpdates": [Function],
    "getNode": [Function],
    "render": [Function],
    "simulateError": [Function],
    "simulateEvent": [Function],
    "unmount": [Function],
  },
  Symbol(enzyme.__node__): Object {
    "instance": null,
    "key": undefined,
    "nodeType": "host",
    "props": Object {
      "children": Array [
        false,
        <Route
          component={[Function]}
          exact={true}
          path="/"
        />,
        <Route
          component={[Function]}
          exact={true}
          path="/characters"
        />,
        <Route
          component={[Function]}
          exact={true}
          path="/favorites"
        />,
        false,
      ],
      "className": "App",
    },
    "ref": null,
    "rendered": Array [
      false,
      Object {
        "instance": null,
        "key": undefined,
        "nodeType": "class",
        "props": Object {
          "component": [Function],
          "exact": true,
          "path": "/",
        },
        "ref": null,
        "rendered": null,
        "type": [Function],
      },
      Object {
        "instance": null,
        "key": undefined,
        "nodeType": "class",
        "props": Object {
          "component": [Function],
          "exact": true,
          "path": "/characters",
        },
        "ref": null,
        "rendered": null,
        "type": [Function],
      },
      Object {
        "instance": null,
        "key": undefined,
        "nodeType": "class",
        "props": Object {
          "component": [Function],
          "exact": true,
          "path": "/favorites",
        },
        "ref": null,
        "rendered": null,
        "type": [Function],
      },
      false,
    ],
    "type": "div",
  },
  Symbol(enzyme.__nodes__): Array [
    Object {
      "instance": null,
      "key": undefined,
      "nodeType": "host",
      "props": Object {
        "children": Array [
          false,
          <Route
            component={[Function]}
            exact={true}
            path="/"
          />,
          <Route
            component={[Function]}
            exact={true}
            path="/characters"
          />,
          <Route
            component={[Function]}
            exact={true}
            path="/favorites"
          />,
          false,
        ],
        "className": "App",
      },
      "ref": null,
      "rendered": Array [
        false,
        Object {
          "instance": null,
          "key": undefined,
          "nodeType": "class",
          "props": Object {
            "component": [Function],
            "exact": true,
            "path": "/",
          },
          "ref": null,
          "rendered": null,
          "type": [Function],
        },
        Object {
          "instance": null,
          "key": undefined,
          "nodeType": "class",
          "props": Object {
            "component": [Function],
            "exact": true,
            "path": "/characters",
          },
          "ref": null,
          "rendered": null,
          "type": [Function],
        },
        Object {
          "instance": null,
          "key": undefined,
          "nodeType": "class",
          "props": Object {
            "component": [Function],
            "exact": true,
            "path": "/favorites",
          },
          "ref": null,
          "rendered": null,
          "type": [Function],
        },
        false,
      ],
      "type": "div",
    },
  ],
  Symbol(enzyme.__options__): Object {
    "adapter": ReactSixteenAdapter {
      "options": Object {
        "enableComponentDidUpdateOnSetState": true,
        "lifecycles": Object {
          "componentDidUpdate": Object {
            "onSetState": true,
          },
          "getDerivedStateFromProps": true,
          "getSnapshotBeforeUpdate": true,
          "setState": Object {
            "skipsComponentDidUpdateOnNullish": true,
          },
        },
      },
    },
  },
}
`;
