// Jest Snapshot v1, https://goo.gl/fbAQLP

exports[`CharacterProfile should match snapshot 1`] = `
ShallowWrapper {
  Symbol(enzyme.__root__): [Circular],
  Symbol(enzyme.__unrendered__): <CharacterProfile
    characterCount={3}
    currentIndex={1}
    dispatchStorageDetailsUpdate={[MockFunction]}
    getCharacter={[MockFunction]}
    showFavorites={false}
    storedCharacters={Array []}
  />,
  Symbol(enzyme.__renderer__): Object {
    "batchedUpdates": [Function],
    "getNode": [Function],
    "render": [Function],
    "simulateError": [Function],
    "simulateEvent": [Function],
    "unmount": [Function],
  },
  Symbol(enzyme.__node__): Object {
    "instance": null,
    "key": undefined,
    "nodeType": "host",
    "props": Object {
      "children": Array [
        <img
          alt="Spiderman loading"
          className="loading-pic"
          src="spiderman-loading.gif"
        />,
        <h3
          className="loading-msg"
        >
          Loading...
        </h3>,
      ],
      "className": "loading-screen",
    },
    "ref": null,
    "rendered": Array [
      Object {
        "instance": null,
        "key": undefined,
        "nodeType": "host",
        "props": Object {
          "alt": "Spiderman loading",
          "className": "loading-pic",
          "src": "spiderman-loading.gif",
        },
        "ref": null,
        "rendered": null,
        "type": "img",
      },
      Object {
        "instance": null,
        "key": undefined,
        "nodeType": "host",
        "props": Object {
          "children": "Loading...",
          "className": "loading-msg",
        },
        "ref": null,
        "rendered": "Loading...",
        "type": "h3",
      },
    ],
    "type": "div",
  },
  Symbol(enzyme.__nodes__): Array [
    Object {
      "instance": null,
      "key": undefined,
      "nodeType": "host",
      "props": Object {
        "children": Array [
          <img
            alt="Spiderman loading"
            className="loading-pic"
            src="spiderman-loading.gif"
          />,
          <h3
            className="loading-msg"
          >
            Loading...
          </h3>,
        ],
        "className": "loading-screen",
      },
      "ref": null,
      "rendered": Array [
        Object {
          "instance": null,
          "key": undefined,
          "nodeType": "host",
          "props": Object {
            "alt": "Spiderman loading",
            "className": "loading-pic",
            "src": "spiderman-loading.gif",
          },
          "ref": null,
          "rendered": null,
          "type": "img",
        },
        Object {
          "instance": null,
          "key": undefined,
          "nodeType": "host",
          "props": Object {
            "children": "Loading...",
            "className": "loading-msg",
          },
          "ref": null,
          "rendered": "Loading...",
          "type": "h3",
        },
      ],
      "type": "div",
    },
  ],
  Symbol(enzyme.__options__): Object {
    "adapter": ReactSixteenAdapter {
      "options": Object {
        "enableComponentDidUpdateOnSetState": true,
        "lifecycles": Object {
          "componentDidUpdate": Object {
            "onSetState": true,
          },
          "getDerivedStateFromProps": true,
          "getSnapshotBeforeUpdate": true,
          "setState": Object {
            "skipsComponentDidUpdateOnNullish": true,
          },
        },
      },
    },
  },
}
`;
